Could not jit compile --- expect slow performance
mkdir -p failed for path /.config/matplotlib: [Errno 30] Read-only file system: '/.config'
Matplotlib created a temporary cache directory at /tmp/matplotlib-k6fcm7qx because there was an issue with the default path (/.config/matplotlib); it is highly recommended to set the MPLCONFIGDIR environment variable to a writable directory, in particular to speed up the import of Matplotlib and to better support multiprocessing.
ERROR:2026-07-31 14:18:34,523:jax._src.xla_bridge:491: Jax plugin configuration error: Exception when calling jax_plugins.xla_cuda12.initialize()
Traceback (most recent call last):
  File "/opt/foragax-agents/.venv/lib/python3.12/site-packages/jax/_src/xla_bridge.py", line 489, in discover_pjrt_plugins
    plugin_module.initialize()
  File "/opt/foragax-agents/.venv/lib/python3.12/site-packages/jax_plugins/xla_cuda12/__init__.py", line 328, in initialize
    _check_cuda_versions(raise_on_first_error=True)
  File "/opt/foragax-agents/.venv/lib/python3.12/site-packages/jax_plugins/xla_cuda12/__init__.py", line 285, in _check_cuda_versions
    local_device_count = cuda_versions.cuda_device_count()
                         ^^^^^^^^^^^^^^^^^^^^^^^^^^^^^^^^^
RuntimeError: jaxlib/cuda/versions_helpers.cc:113: operation cuInit(0) failed: Unknown CUDA error 303; cuGetErrorName failed. This probably means that JAX was unable to load the CUDA libraries.
Could not jit compile --- expect slow performance
Traceback (most recent call last):
  File "/opt/foragax-agents/src/continuing_main.py", line 31, in <module>
    from problems.registry import getProblem
  File "/opt/foragax-agents/src/problems/registry.py", line 2, in <module>
    from problems.BaseProblem import BaseProblem
  File "/opt/foragax-agents/src/problems/BaseProblem.py", line 7, in <module>
    from algorithms.registry import getAgent
  File "/opt/foragax-agents/src/algorithms/registry.py", line 22, in <module>
    from algorithms.tc.ESARSA import ESARSA
  File "/opt/foragax-agents/src/algorithms/tc/ESARSA.py", line 15, in <module>
    @njit(cache=True)
     ^^^^^^^^^^^^^^^^
  File "/opt/foragax-agents/.venv/lib/python3.12/site-packages/numba/core/decorators.py", line 227, in wrapper
    disp.enable_caching()
  File "/opt/foragax-agents/.venv/lib/python3.12/site-packages/numba/core/dispatcher.py", line 811, in enable_caching
    self._cache = FunctionCache(self.py_func)
                  ^^^^^^^^^^^^^^^^^^^^^^^^^^^
  File "/opt/foragax-agents/.venv/lib/python3.12/site-packages/numba/core/caching.py", line 687, in __init__
    self._impl = self._impl_class(py_func)
                 ^^^^^^^^^^^^^^^^^^^^^^^^^
  File "/opt/foragax-agents/.venv/lib/python3.12/site-packages/numba/core/caching.py", line 423, in __init__
    raise RuntimeError("cannot cache function %r: no locator available "
RuntimeError: cannot cache function '_update': no locator available for file '/opt/foragax-agents/src/algorithms/tc/ESARSA.py'
