=== endgame7 start 2026-08-02T09:27:53-07:00
2026-08-02T09:27:53-07:00 sigma0 shards=0/24
2026-08-02T09:28:53-07:00 sigma0 shards=0/24
2026-08-02T09:29:53-07:00 sigma0 shards=0/24
2026-08-02T09:30:53-07:00 sigma0 shards=0/24
2026-08-02T09:31:53-07:00 sigma0 shards=0/24
2026-08-02T09:32:53-07:00 sigma0 shards=0/24
2026-08-02T09:33:53-07:00 sigma0 shards=0/24
2026-08-02T09:34:53-07:00 sigma0 shards=0/24
2026-08-02T09:35:54-07:00 sigma0 shards=0/24
2026-08-02T09:36:54-07:00 sigma0 shards=0/24
2026-08-02T09:37:54-07:00 sigma0 shards=12/24
2026-08-02T09:38:54-07:00 sigma0 shards=12/24
2026-08-02T09:39:54-07:00 sigma0 shards=12/24
2026-08-02T09:40:54-07:00 sigma0 shards=12/24
2026-08-02T09:41:54-07:00 sigma0 shards=12/24
2026-08-02T09:42:54-07:00 sigma0 shards=24/24
WARNING:jax._src.xla_bridge:An NVIDIA GPU may be present on this machine, but a CUDA-enabled jaxlib is not installed. Falling back to cpu.
wrote outputs/ipmnist_screening/summary_sigma0.json (33 shards)

arm                           acc60  paired_vs_sigma0  all_improve
sigma0_ndecay099            0.86159          +0.00962         True
upgd_ema_norm               0.85286          +0.00089        False
sigma0_gate_beta05          0.85253          +0.00056         True
sigma0_eps1e6               0.85220          +0.00023         True
sigma0_eps1e4               0.85215          +0.00018        False
upgd_ema_norm_sigma0        0.85197         (control)             
sigma0_localgate            0.85183          -0.00014        False
sigma0_gate_beta2           0.84845          -0.00352        False
sigma0_ndecay09999          0.84466          -0.00731        False
sgd_ema_norm                0.84058          -0.01139        False
sigma0_hidden_norm          0.83337          -0.01860        False

confirmation picks (paired > +0.002 vs upgd_ema_norm_sigma0): ['sigma0_ndecay099']
wrote 3 confirm jobs -> confirm_full/jobs_wave7.txt
sigma0_ndecay099 [0.86148, 0.86146, 0.86183]
sigma0_ndecay09999 [0.84427, 0.84487, 0.84485]
sigma0_eps1e6 [0.85236, 0.85209, 0.85215]
sigma0_eps1e4 [0.85184, 0.85218, 0.85243]
sigma0_hidden_norm [0.83285, 0.83358, 0.83368]
sigma0_gate_beta05 [0.85265, 0.85242, 0.85253]
sigma0_gate_beta2 [0.84845, 0.84747, 0.84944]
sigma0_localgate [0.85199, 0.85171, 0.85179]
2026-08-02T09:42:56-07:00 launching wave-7 confirmations
retrying sigma0_ndecay099 seed 1 with --noise-mode step (noise-free arm)
retrying sigma0_ndecay099 seed 0 with --noise-mode step (noise-free arm)
retrying sigma0_ndecay099 seed 2 with --noise-mode step (noise-free arm)
WARNING:jax._src.xla_bridge:An NVIDIA GPU may be present on this machine, but a CUDA-enabled jaxlib is not installed. Falling back to cpu.
2026-08-02 09:52:32,249 INFO merged 132 shards -> outputs/ipmnist_screening/summary.json
WAVE7 VERDICTS: [{"config_name": "sigma0_ndecay099", "confirm_seed_means": {"0": 0.862292, "1": 0.861956, "2": 0.863106}, "confirm_mean": 0.862451, "paired_vs_sigma0_mean_diff": 0.011936, "all_seeds_improve": true}]
=== endgame7 done 2026-08-02T09:52:32-07:00
