=== endgame start 2026-07-31T13:43:49-07:00
2026-07-31T13:43:49-07:00 shards=3/60
2026-07-31T13:48:49-07:00 shards=3/60
2026-07-31T13:53:49-07:00 shards=3/60
2026-07-31T13:58:49-07:00 shards=3/60
2026-07-31T14:03:49-07:00 shards=3/60
2026-07-31T14:08:49-07:00 shards=3/60
2026-07-31T14:13:49-07:00 shards=3/60
2026-07-31T14:18:50-07:00 shards=3/60
2026-07-31T14:23:50-07:00 shards=3/60
2026-07-31T14:28:50-07:00 shards=3/60
2026-07-31T14:33:50-07:00 shards=3/60
2026-07-31T14:38:50-07:00 shards=3/60
2026-07-31T14:43:50-07:00 shards=3/60
2026-07-31T14:48:50-07:00 shards=3/60
2026-07-31T14:53:50-07:00 shards=3/60
2026-07-31T14:58:50-07:00 shards=3/60
2026-07-31T15:03:51-07:00 shards=3/60
2026-07-31T15:08:51-07:00 shards=3/60
2026-07-31T15:13:51-07:00 shards=3/60
2026-07-31T15:18:51-07:00 shards=3/60
2026-07-31T15:23:51-07:00 shards=3/60
2026-07-31T15:28:51-07:00 shards=3/60
2026-07-31T15:33:51-07:00 shards=3/60
2026-07-31T15:38:52-07:00 shards=3/60
2026-07-31T15:43:52-07:00 shards=3/60
2026-07-31T15:48:52-07:00 shards=3/60
2026-07-31T15:53:52-07:00 shards=3/60
2026-07-31T15:58:52-07:00 shards=3/60
2026-07-31T16:03:52-07:00 shards=3/60
2026-07-31T16:08:53-07:00 shards=3/60
2026-07-31T16:13:53-07:00 shards=4/60
2026-07-31T16:18:53-07:00 shards=6/60
2026-07-31T16:23:53-07:00 shards=6/60
2026-07-31T16:28:53-07:00 shards=6/60
2026-07-31T16:33:53-07:00 shards=6/60
2026-07-31T16:38:53-07:00 shards=9/60
2026-07-31T16:43:54-07:00 shards=9/60
2026-07-31T16:48:54-07:00 shards=9/60
2026-07-31T16:53:54-07:00 shards=9/60
2026-07-31T16:58:54-07:00 shards=9/60
2026-07-31T17:03:54-07:00 shards=9/60
2026-07-31T17:08:54-07:00 shards=9/60
2026-07-31T17:13:54-07:00 shards=9/60
2026-07-31T17:18:54-07:00 shards=9/60
2026-07-31T17:23:55-07:00 shards=9/60
2026-07-31T17:28:55-07:00 shards=15/60
2026-07-31T17:33:55-07:00 shards=15/60
2026-07-31T17:38:55-07:00 shards=15/60
2026-07-31T17:43:55-07:00 shards=15/60
2026-07-31T17:48:55-07:00 shards=15/60
2026-07-31T17:53:55-07:00 shards=15/60
2026-07-31T17:58:56-07:00 shards=15/60
2026-07-31T18:03:56-07:00 shards=15/60
2026-07-31T18:08:56-07:00 shards=15/60
2026-07-31T18:13:56-07:00 shards=15/60
2026-07-31T18:18:56-07:00 shards=15/60
2026-07-31T18:23:57-07:00 shards=15/60
2026-07-31T18:28:57-07:00 shards=15/60
2026-07-31T18:33:57-07:00 shards=18/60
2026-07-31T18:38:57-07:00 shards=18/60
=== endgame start 2026-07-31T18:40:26-07:00
2026-07-31T18:40:26-07:00 shards=18/60
2026-07-31T18:45:26-07:00 shards=18/60
2026-07-31T18:50:26-07:00 shards=18/60
2026-07-31T18:55:27-07:00 shards=18/60
2026-07-31T19:00:27-07:00 shards=18/60
2026-07-31T19:05:27-07:00 shards=18/60
2026-07-31T19:10:27-07:00 shards=22/60
2026-07-31T19:15:27-07:00 shards=23/60
2026-07-31T19:20:27-07:00 shards=23/60
2026-07-31T19:25:27-07:00 shards=23/60
2026-07-31T22:22:24-07:00 shards=23/60
2026-07-31T22:27:24-07:00 shards=26/60
2026-07-31T22:32:24-07:00 shards=26/60
2026-08-01T15:16:07-07:00 shards=26/60
TIMEOUT waiting for shards; proceeding with 26 shards
WARNING:jax._src.xla_bridge:An NVIDIA GPU may be present on this machine, but a CUDA-enabled jaxlib is not installed. Falling back to cpu.
2026-08-01 15:16:11,701 INFO proxy_validated=False (prefix_match=False ordering=True) -> outputs/ipmnist_screening/proxy_validation.json
WARNING:jax._src.xla_bridge:An NVIDIA GPU may be present on this machine, but a CUDA-enabled jaxlib is not installed. Falling back to cpu.
2026-08-01 15:16:26,599 INFO merged 26 shards -> outputs/ipmnist_screening/summary.json
confirmation candidates: []
Traceback (most recent call last):
  File "<stdin>", line 27, in <module>
TypeError: unhashable type: 'dict'
=== endgame done 2026-08-01T15:16:29-07:00
=== endgame start 2026-08-01T15:18:17-07:00
2026-08-01T15:18:17-07:00 shards=26/60
=== endgame start 2026-08-01T15:19:28-07:00
2026-08-01T15:19:28-07:00 shards=26/60
2026-08-01T15:24:28-07:00 shards=26/60
2026-08-01T15:29:28-07:00 shards=26/60
2026-08-01T15:34:28-07:00 shards=26/60
2026-08-01T15:39:29-07:00 shards=26/60
2026-08-01T15:44:29-07:00 shards=26/60
2026-08-01T15:49:28-07:00 shards=26/60
2026-08-01T15:54:28-07:00 shards=26/60
2026-08-01T15:59:28-07:00 shards=26/60
2026-08-01T16:04:28-07:00 shards=26/60
2026-08-01T16:09:28-07:00 shards=26/60
2026-08-01T16:14:28-07:00 shards=26/60
2026-08-01T16:19:28-07:00 shards=26/60
2026-08-01T16:24:29-07:00 shards=26/60
2026-08-01T16:29:29-07:00 shards=26/60
2026-08-01T16:34:29-07:00 shards=26/60
2026-08-01T16:39:29-07:00 shards=26/60
2026-08-01T16:44:29-07:00 shards=38/60
2026-08-01T16:49:29-07:00 shards=38/60
2026-08-01T16:54:29-07:00 shards=38/60
2026-08-01T16:59:29-07:00 shards=41/60
2026-08-01T17:04:29-07:00 shards=43/60
2026-08-01T17:09:29-07:00 shards=43/60
2026-08-01T17:14:29-07:00 shards=43/60
2026-08-01T17:19:29-07:00 shards=43/60
2026-08-01T17:24:29-07:00 shards=43/60
2026-08-01T17:29:29-07:00 shards=43/60
2026-08-01T17:34:29-07:00 shards=43/60
2026-08-01T17:39:29-07:00 shards=43/60
2026-08-01T17:44:30-07:00 shards=43/60
2026-08-01T17:49:30-07:00 shards=43/60
2026-08-01T17:54:30-07:00 shards=43/60
2026-08-01T17:59:30-07:00 shards=43/60
2026-08-01T18:04:30-07:00 shards=46/60
2026-08-01T18:09:30-07:00 shards=46/60
2026-08-01T18:14:30-07:00 shards=47/60
2026-08-01T18:19:30-07:00 shards=47/60
2026-08-01T18:24:30-07:00 shards=47/60
2026-08-01T18:29:30-07:00 shards=47/60
2026-08-01T18:34:30-07:00 shards=48/60
2026-08-01T18:39:30-07:00 shards=48/60
2026-08-01T18:44:30-07:00 shards=51/60
2026-08-01T18:49:30-07:00 shards=51/60
2026-08-01T18:54:30-07:00 shards=51/60
2026-08-01T18:59:30-07:00 shards=52/60
2026-08-01T19:04:30-07:00 shards=52/60
2026-08-01T19:09:30-07:00 shards=55/60
2026-08-01T19:14:30-07:00 shards=55/60
2026-08-01T19:19:30-07:00 shards=55/60
2026-08-01T19:24:30-07:00 shards=56/60
2026-08-01T19:29:31-07:00 shards=59/60
2026-08-01T19:34:31-07:00 shards=60/60
WARNING:jax._src.xla_bridge:An NVIDIA GPU may be present on this machine, but a CUDA-enabled jaxlib is not installed. Falling back to cpu.
2026-08-01 19:34:33,374 INFO proxy_validated=False (prefix_match=False ordering=True) -> outputs/ipmnist_screening/proxy_validation.json
WARNING:jax._src.xla_bridge:An NVIDIA GPU may be present on this machine, but a CUDA-enabled jaxlib is not installed. Falling back to cpu.
2026-08-01 19:34:37,145 INFO merged 60 shards -> outputs/ipmnist_screening/summary.json
confirmation candidates: ['upgd_ema_norm', 'adamw_cbp', 'upgd_w_wd0005', 'upgd_l2init', 'upgd_idbd']
2026-08-01T19:34:38-07:00 launching confirmations
skip adamw_cbp seed 0 (shard exists)
skip adamw_cbp seed 1 (shard exists)
skip adamw_cbp seed 2 (shard exists)
skip upgd_w_wd0005 seed 0 (shard exists)
skip upgd_w_wd0005 seed 1 (shard exists)
skip upgd_w_wd0005 seed 2 (shard exists)
retrying upgd_l2init seed 2 with --noise-mode step (noise-free arm)
retrying upgd_ema_norm seed 2 with --noise-mode step (noise-free arm)
retrying upgd_ema_norm seed 0 with --noise-mode step (noise-free arm)
retrying upgd_l2init seed 1 with --noise-mode step (noise-free arm)
retrying upgd_ema_norm seed 1 with --noise-mode step (noise-free arm)
retrying upgd_l2init seed 0 with --noise-mode step (noise-free arm)
retrying upgd_idbd seed 0 with --noise-mode step (noise-free arm)
retrying upgd_idbd seed 1 with --noise-mode step (noise-free arm)
retrying upgd_idbd seed 2 with --noise-mode step (noise-free arm)
Traceback (most recent call last):
  File "<stdin>", line 27, in <module>
TypeError: unhashable type: 'dict'
=== endgame done 2026-08-02T02:21:06-07:00
