=== endgame2 start 2026-07-31T14:05:24-07:00
2026-07-31T14:05:24-07:00 shards=3 (waiting for 60 before jobs3)
2026-07-31T14:10:24-07:00 shards=3 (waiting for 60 before jobs3)
2026-07-31T14:15:24-07:00 shards=3 (waiting for 60 before jobs3)
2026-07-31T14:20:24-07:00 shards=3 (waiting for 60 before jobs3)
2026-07-31T14:25:24-07:00 shards=3 (waiting for 60 before jobs3)
2026-07-31T14:30:24-07:00 shards=3 (waiting for 60 before jobs3)
2026-07-31T14:35:24-07:00 shards=3 (waiting for 60 before jobs3)
2026-07-31T14:40:24-07:00 shards=3 (waiting for 60 before jobs3)
2026-07-31T14:45:25-07:00 shards=3 (waiting for 60 before jobs3)
2026-07-31T14:50:25-07:00 shards=3 (waiting for 60 before jobs3)
2026-07-31T14:55:25-07:00 shards=3 (waiting for 60 before jobs3)
2026-07-31T15:00:25-07:00 shards=3 (waiting for 60 before jobs3)
2026-07-31T15:05:25-07:00 shards=3 (waiting for 60 before jobs3)
2026-07-31T15:10:25-07:00 shards=3 (waiting for 60 before jobs3)
2026-07-31T15:15:25-07:00 shards=3 (waiting for 60 before jobs3)
2026-07-31T15:20:25-07:00 shards=3 (waiting for 60 before jobs3)
2026-07-31T15:25:25-07:00 shards=3 (waiting for 60 before jobs3)
2026-07-31T15:30:25-07:00 shards=3 (waiting for 60 before jobs3)
2026-07-31T15:35:25-07:00 shards=3 (waiting for 60 before jobs3)
2026-07-31T15:40:25-07:00 shards=3 (waiting for 60 before jobs3)
2026-07-31T15:45:25-07:00 shards=3 (waiting for 60 before jobs3)
2026-07-31T15:50:25-07:00 shards=3 (waiting for 60 before jobs3)
2026-07-31T15:55:25-07:00 shards=3 (waiting for 60 before jobs3)
2026-07-31T16:00:25-07:00 shards=3 (waiting for 60 before jobs3)
2026-07-31T16:05:25-07:00 shards=3 (waiting for 60 before jobs3)
2026-07-31T16:10:25-07:00 shards=3 (waiting for 60 before jobs3)
2026-07-31T16:15:25-07:00 shards=6 (waiting for 60 before jobs3)
2026-07-31T16:20:25-07:00 shards=6 (waiting for 60 before jobs3)
2026-07-31T16:25:25-07:00 shards=6 (waiting for 60 before jobs3)
2026-07-31T16:30:25-07:00 shards=6 (waiting for 60 before jobs3)
2026-07-31T16:35:25-07:00 shards=6 (waiting for 60 before jobs3)
2026-07-31T16:40:26-07:00 shards=9 (waiting for 60 before jobs3)
2026-07-31T16:45:26-07:00 shards=9 (waiting for 60 before jobs3)
2026-07-31T16:50:26-07:00 shards=9 (waiting for 60 before jobs3)
2026-07-31T16:55:26-07:00 shards=9 (waiting for 60 before jobs3)
2026-07-31T17:00:26-07:00 shards=9 (waiting for 60 before jobs3)
2026-07-31T17:05:26-07:00 shards=9 (waiting for 60 before jobs3)
2026-07-31T17:10:26-07:00 shards=9 (waiting for 60 before jobs3)
2026-07-31T17:15:26-07:00 shards=9 (waiting for 60 before jobs3)
2026-07-31T17:20:26-07:00 shards=9 (waiting for 60 before jobs3)
2026-07-31T17:25:26-07:00 shards=14 (waiting for 60 before jobs3)
2026-07-31T17:30:26-07:00 shards=15 (waiting for 60 before jobs3)
2026-07-31T17:35:26-07:00 shards=15 (waiting for 60 before jobs3)
2026-07-31T17:40:26-07:00 shards=15 (waiting for 60 before jobs3)
2026-07-31T17:45:26-07:00 shards=15 (waiting for 60 before jobs3)
2026-07-31T17:50:26-07:00 shards=15 (waiting for 60 before jobs3)
2026-07-31T17:55:26-07:00 shards=15 (waiting for 60 before jobs3)
2026-07-31T18:00:26-07:00 shards=15 (waiting for 60 before jobs3)
2026-07-31T18:05:26-07:00 shards=15 (waiting for 60 before jobs3)
2026-07-31T18:10:26-07:00 shards=15 (waiting for 60 before jobs3)
2026-07-31T18:15:26-07:00 shards=15 (waiting for 60 before jobs3)
2026-07-31T18:20:26-07:00 shards=15 (waiting for 60 before jobs3)
2026-07-31T18:25:26-07:00 shards=15 (waiting for 60 before jobs3)
2026-07-31T18:30:26-07:00 shards=15 (waiting for 60 before jobs3)
2026-07-31T18:35:26-07:00 shards=18 (waiting for 60 before jobs3)
=== endgame2 start 2026-07-31T18:40:26-07:00
2026-07-31T18:40:26-07:00 shards=18 (waiting for 60 before jobs3)
2026-07-31T18:40:26-07:00 shards=18 (waiting for 60 before jobs3)
2026-07-31T18:45:26-07:00 shards=18 (waiting for 60 before jobs3)
2026-07-31T18:45:26-07:00 shards=18 (waiting for 60 before jobs3)
2026-07-31T18:50:26-07:00 shards=18 (waiting for 60 before jobs3)
2026-07-31T18:50:26-07:00 shards=18 (waiting for 60 before jobs3)
2026-07-31T18:55:26-07:00 shards=18 (waiting for 60 before jobs3)
2026-07-31T18:55:26-07:00 shards=18 (waiting for 60 before jobs3)
2026-07-31T19:00:26-07:00 shards=18 (waiting for 60 before jobs3)
2026-07-31T19:00:26-07:00 shards=18 (waiting for 60 before jobs3)
2026-07-31T19:05:26-07:00 shards=18 (waiting for 60 before jobs3)
2026-07-31T19:05:27-07:00 shards=18 (waiting for 60 before jobs3)
2026-07-31T19:10:26-07:00 shards=22 (waiting for 60 before jobs3)
2026-07-31T19:10:27-07:00 shards=22 (waiting for 60 before jobs3)
2026-07-31T19:15:26-07:00 shards=23 (waiting for 60 before jobs3)
2026-07-31T19:15:27-07:00 shards=23 (waiting for 60 before jobs3)
2026-07-31T19:20:26-07:00 shards=23 (waiting for 60 before jobs3)
2026-07-31T19:20:27-07:00 shards=23 (waiting for 60 before jobs3)
2026-07-31T19:25:27-07:00 shards=23 (waiting for 60 before jobs3)
2026-07-31T19:25:27-07:00 shards=23 (waiting for 60 before jobs3)
2026-07-31T22:22:23-07:00 shards=23 (waiting for 60 before jobs3)
2026-07-31T22:22:23-07:00 shards=23 (waiting for 60 before jobs3)
2026-07-31T22:27:23-07:00 shards=26 (waiting for 60 before jobs3)
2026-07-31T22:27:23-07:00 shards=26 (waiting for 60 before jobs3)
2026-07-31T22:32:23-07:00 shards=26 (waiting for 60 before jobs3)
2026-07-31T22:32:23-07:00 shards=26 (waiting for 60 before jobs3)
2026-08-01T15:16:06-07:00 shards=26 (waiting for 60 before jobs3)
TIMEOUT-1 at 26 shards
2026-08-01T15:16:06-07:00 running jobs3 arms
2026-08-01T15:16:06-07:00 shards=26 (waiting for 60 before jobs3)
TIMEOUT-1 at 26 shards
2026-08-01T15:16:06-07:00 running jobs3 arms
=== endgame2 start 2026-08-01T15:18:17-07:00
2026-08-01T15:18:17-07:00 shards=26 (waiting for 60 before jobs3)
Terminated
FAILED upgd_w_fade_head seed 2 (exit 143) — see outputs/ipmnist_screening/logs/upgd_w_fade_head_seed2.log
Terminated
FAILED upgd_w_fade_head seed 0 (exit 143) — see outputs/ipmnist_screening/logs/upgd_w_fade_head_seed0.log
Terminated
FAILED upgd_w_idbd_swift seed 0 (exit 143) — see outputs/ipmnist_screening/logs/upgd_w_idbd_swift_seed0.log
Terminated
FAILED upgd_w_fade_head seed 1 (exit 143) — see outputs/ipmnist_screening/logs/upgd_w_fade_head_seed1.log
Terminated
FAILED upgd_w_idbd_swift seed 1 (exit 143) — see outputs/ipmnist_screening/logs/upgd_w_idbd_swift_seed1.log
Terminated
FAILED upgd_w_idbd_swift seed 0 (exit 143) — see outputs/ipmnist_screening/logs/upgd_w_idbd_swift_seed0.log
Terminated
FAILED upgd_w_idbd_swift seed 2 (exit 143) — see outputs/ipmnist_screening/logs/upgd_w_idbd_swift_seed2.log
Terminated
FAILED upgd_w_fade_head seed 0 (exit 143) — see outputs/ipmnist_screening/logs/upgd_w_fade_head_seed0.log
Terminated
FAILED upgd_w_fade_head seed 1 (exit 143) — see outputs/ipmnist_screening/logs/upgd_w_fade_head_seed1.log
Terminated
FAILED upgd_w_idbd_swift seed 2 (exit 143) — see outputs/ipmnist_screening/logs/upgd_w_idbd_swift_seed2.log
Terminated
FAILED upgd_w_idbd_swift seed 1 (exit 143) — see outputs/ipmnist_screening/logs/upgd_w_idbd_swift_seed1.log
Terminated
FAILED upgd_w_fade_head seed 2 (exit 143) — see outputs/ipmnist_screening/logs/upgd_w_fade_head_seed2.log
=== endgame2 start 2026-08-01T15:19:28-07:00
2026-08-01T15:19:28-07:00 shards=26 (waiting for 60 before jobs3)
