skip upgd_w_control seed 1 (shard exists)
skip upgd_w_control seed 0 (shard exists)
skip adamw_control seed 0 (shard exists)
skip upgd_w_control seed 2 (shard exists)
skip adamw_control seed 1 (shard exists)
skip upgd_idbd seed 0 (shard exists)
skip upgd_idbd seed 1 (shard exists)
skip adamw_control seed 2 (shard exists)
skip upgd_idbd seed 2 (shard exists)
skip upgd_autostep seed 1 (shard exists)
skip upgd_autostep seed 0 (shard exists)
skip upgd_l2init seed 0 (shard exists)
skip upgd_autostep seed 2 (shard exists)
skip upgd_l2init seed 1 (shard exists)
skip upgd_cbp seed 0 (shard exists)
skip upgd_l2init seed 2 (shard exists)
skip upgd_cbp seed 2 (shard exists)
skip adamw_cbp seed 0 (shard exists)
skip adamw_cbp seed 1 (shard exists)
skip upgd_cbp seed 1 (shard exists)
skip adamw_cbp seed 2 (shard exists)
skip upgd_w_udecay0999 seed 0 (shard exists)
skip upgd_w_udecay0999 seed 1 (shard exists)
skip upgd_w_udecay0999 seed 2 (shard exists)
skip upgd_w_udecay099999 seed 0 (shard exists)
skip upgd_w_udecay099999 seed 1 (shard exists)
skip upgd_w_udecay099999 seed 2 (shard exists)
skip upgd_w_wd0005 seed 0 (shard exists)
skip upgd_w_wd0005 seed 1 (shard exists)
skip upgd_w_wd0005 seed 2 (shard exists)
skip upgd_w_wd002 seed 0 (shard exists)
skip upgd_w_wd002 seed 1 (shard exists)
skip upgd_w_wd002 seed 2 (shard exists)
skip upgd_w_wclip_k1 seed 0 (shard exists)
skip upgd_w_wclip_k1 seed 1 (shard exists)
skip upgd_w_wclip_k1 seed 2 (shard exists)
skip upgd_w_wclip_k2 seed 0 (shard exists)
skip upgd_w_wclip_k2 seed 1 (shard exists)
skip upgd_w_wclip_k2_wd0 seed 1 (shard exists)
skip upgd_w_wclip_k2_wd0 seed 2 (shard exists)
skip upgd_w_localgate seed 0 (shard exists)
skip upgd_w_localgate seed 1 (shard exists)
skip upgd_w_localgate seed 2 (shard exists)
