WARNING:jax._src.xla_bridge:An NVIDIA GPU may be present on this machine, but a CUDA-enabled jaxlib is not installed. Falling back to cpu.
<frozen runpy>:128: RuntimeWarning: 'alberta_framework.benchmarks.slowly_changing_regression' found in sys.modules after import of package 'alberta_framework.benchmarks', but prior to execution of 'alberta_framework.benchmarks.slowly_changing_regression'; this may result in unpredictable behaviour
Traceback (most recent call last):
  File "<frozen runpy>", line 198, in _run_module_as_main
  File "<frozen runpy>", line 88, in _run_code
  File "/home/shaw/milady/research/alberta/alberta_framework/benchmarks/slowly_changing_regression.py", line 483, in <module>
    main()
  File "/home/shaw/milady/research/alberta/alberta_framework/benchmarks/slowly_changing_regression.py", line 479, in main
    return strict_v2_main(argv)
           ^^^^^^^^^^^^^^^^^^^^
  File "/home/shaw/milady/research/alberta/alberta_framework/benchmarks/slowly_changing_regression_v2.py", line 3348, in main
    return _run_cli(argv)
           ^^^^^^^^^^^^^^
  File "/home/shaw/milady/research/alberta/alberta_framework/benchmarks/slowly_changing_regression_v2.py", line 3305, in _run_cli
    result = run_scr_v2_shard(
             ^^^^^^^^^^^^^^^^^
  File "/home/shaw/milady/research/alberta/alberta_framework/benchmarks/slowly_changing_regression_v2.py", line 2236, in run_scr_v2_shard
    plan_raw, plan = _read_validated_plan(plan_path, verify_current_bindings=True)
                     ^^^^^^^^^^^^^^^^^^^^^^^^^^^^^^^^^^^^^^^^^^^^^^^^^^^^^^^^^^^^^
  File "/home/shaw/milady/research/alberta/alberta_framework/benchmarks/slowly_changing_regression_v2.py", line 1937, in _read_validated_plan
    _require_current_plan_bindings(plan, "run-plan validation after final reread")
  File "/home/shaw/milady/research/alberta/alberta_framework/benchmarks/slowly_changing_regression_v2.py", line 1915, in _require_current_plan_bindings
    _json_exact_equal(plan["source_manifest"], _build_source_manifest()),
                                               ^^^^^^^^^^^^^^^^^^^^^^^^
  File "/home/shaw/milady/research/alberta/alberta_framework/benchmarks/slowly_changing_regression_v2.py", line 1017, in _build_source_manifest
    snapshot = _source_closure_snapshot()
               ^^^^^^^^^^^^^^^^^^^^^^^^^^
  File "/home/shaw/milady/research/alberta/alberta_framework/benchmarks/slowly_changing_regression_v2.py", line 1005, in _source_closure_snapshot
    _require(
  File "/home/shaw/milady/research/alberta/alberta_framework/benchmarks/slowly_changing_regression_v2.py", line 254, in _require
    _fail(message)
  File "/home/shaw/milady/research/alberta/alberta_framework/benchmarks/slowly_changing_regression_v2.py", line 249, in _fail
    raise SCRV2ValidationError(message)
alberta_framework.benchmarks.slowly_changing_regression_v2.SCRV2ValidationError: source file changed while its manifest was being built: alberta_framework/core/integrated_hidden_partner.py
